3 3
1887,1998,1998,
1887,1998,1998,
1887,1998,1998,
